/vagrant/R6-rest-rails/config/initializers/devise.rb:20:in `block (2 levels) in <main>': undefined method `[]' for nil:NilClass (NoMethodError)
	from /home/vagrant/.rbenv/versions/3.0.1/lib/ruby/gems/3.0.0/gems/devise-jwt-0.9.0/lib/devise/jwt.rb:21:in `jwt'
	from /vagrant/R6-rest-rails/config/initializers/devise.rb:19:in `block in <main>'
	from /home/vagrant/.rbenv/versions/3.0.1/lib/ruby/gems/3.0.0/gems/devise-4.8.1/lib/devise.rb:307:in `setup'
	from /vagrant/R6-rest-rails/config/initializers/devise.rb:11:in `<main>'
	from /home/vagrant/.rbenv/versions/3.0.1/lib/ruby/gems/3.0.0/gems/bootsnap-1.7.5/lib/bootsnap/load_path_cache/core_ext/kernel_require.rb:59:in `load'
	from /home/vagrant/.rbenv/versions/3.0.1/lib/ruby/gems/3.0.0/gems/bootsnap-1.7.5/lib/bootsnap/load_path_cache/core_ext/kernel_require.rb:59:in `load'
	from /home/vagrant/.rbenv/versions/3.0.1/lib/ruby/gems/3.0.0/gems/activesupport-6.1.3.2/lib/active_support/dependencies.rb:326:in `block in load'
	from /home/vagrant/.rbenv/versions/3.0.1/lib/ruby/gems/3.0.0/gems/activesupport-6.1.3.2/lib/active_support/dependencies.rb:299:in `load_dependency'
	from /home/vagrant/.rbenv/versions/3.0.1/lib/ruby/gems/3.0.0/gems/activesupport-6.1.3.2/lib/active_support/dependencies.rb:326:in `load'
	from /home/vagrant/.rbenv/versions/3.0.1/lib/ruby/gems/3.0.0/gems/railties-6.1.3.2/lib/rails/engine.rb:681:in `block in load_config_initializer'
	from /home/vagrant/.rbenv/versions/3.0.1/lib/ruby/gems/3.0.0/gems/activesupport-6.1.3.2/lib/active_support/notifications.rb:205:in `instrument'
	from /home/vagrant/.rbenv/versions/3.0.1/lib/ruby/gems/3.0.0/gems/railties-6.1.3.2/lib/rails/engine.rb:680:in `load_config_initializer'
	from /home/vagrant/.rbenv/versions/3.0.1/lib/ruby/gems/3.0.0/gems/railties-6.1.3.2/lib/rails/engine.rb:634:in `block (2 levels) in <class:Engine>'
	from /home/vagrant/.rbenv/versions/3.0.1/lib/ruby/gems/3.0.0/gems/railties-6.1.3.2/lib/rails/engine.rb:633:in `each'
	from /home/vagrant/.rbenv/versions/3.0.1/lib/ruby/gems/3.0.0/gems/railties-6.1.3.2/lib/rails/engine.rb:633:in `block in <class:Engine>'
	from /home/vagrant/.rbenv/versions/3.0.1/lib/ruby/gems/3.0.0/gems/railties-6.1.3.2/lib/rails/initializable.rb:32:in `instance_exec'
	from /home/vagrant/.rbenv/versions/3.0.1/lib/ruby/gems/3.0.0/gems/railties-6.1.3.2/lib/rails/initializable.rb:32:in `run'
	from /home/vagrant/.rbenv/versions/3.0.1/lib/ruby/gems/3.0.0/gems/railties-6.1.3.2/lib/rails/initializable.rb:61:in `block in run_initializers'
	from /home/vagrant/.rbenv/versions/3.0.1/lib/ruby/3.0.0/tsort.rb:228:in `block in tsort_each'
	from /home/vagrant/.rbenv/versions/3.0.1/lib/ruby/3.0.0/tsort.rb:350:in `block (2 levels) in each_strongly_connected_component'
	from /home/vagrant/.rbenv/versions/3.0.1/lib/ruby/3.0.0/tsort.rb:422:in `block (2 levels) in each_strongly_connected_component_from'
	from /home/vagrant/.rbenv/versions/3.0.1/lib/ruby/3.0.0/tsort.rb:431:in `each_strongly_connected_component_from'
	from /home/vagrant/.rbenv/versions/3.0.1/lib/ruby/3.0.0/tsort.rb:421:in `block in each_strongly_connected_component_from'
	from /home/vagrant/.rbenv/versions/3.0.1/lib/ruby/gems/3.0.0/gems/railties-6.1.3.2/lib/rails/initializable.rb:50:in `each'
	from /home/vagrant/.rbenv/versions/3.0.1/lib/ruby/gems/3.0.0/gems/railties-6.1.3.2/lib/rails/initializable.rb:50:in `tsort_each_child'
	from /home/vagrant/.rbenv/versions/3.0.1/lib/ruby/3.0.0/tsort.rb:415:in `call'
	from /home/vagrant/.rbenv/versions/3.0.1/lib/ruby/3.0.0/tsort.rb:415:in `each_strongly_connected_component_from'
	from /home/vagrant/.rbenv/versions/3.0.1/lib/ruby/3.0.0/tsort.rb:349:in `block in each_strongly_connected_component'
	from /home/vagrant/.rbenv/versions/3.0.1/lib/ruby/3.0.0/tsort.rb:347:in `each'
	from /home/vagrant/.rbenv/versions/3.0.1/lib/ruby/3.0.0/tsort.rb:347:in `call'
	from /home/vagrant/.rbenv/versions/3.0.1/lib/ruby/3.0.0/tsort.rb:347:in `each_strongly_connected_component'
	from /home/vagrant/.rbenv/versions/3.0.1/lib/ruby/3.0.0/tsort.rb:226:in `tsort_each'
	from /home/vagrant/.rbenv/versions/3.0.1/lib/ruby/3.0.0/tsort.rb:205:in `tsort_each'
	from /home/vagrant/.rbenv/versions/3.0.1/lib/ruby/gems/3.0.0/gems/railties-6.1.3.2/lib/rails/initializable.rb:60:in `run_initializers'
	from /home/vagrant/.rbenv/versions/3.0.1/lib/ruby/gems/3.0.0/gems/railties-6.1.3.2/lib/rails/application.rb:384:in `initialize!'
	from /vagrant/R6-rest-rails/config/environment.rb:5:in `<main>'
	from /home/vagrant/.rbenv/versions/3.0.1/lib/ruby/gems/3.0.0/gems/bootsnap-1.7.5/lib/bootsnap/load_path_cache/core_ext/kernel_require.rb:23:in `require'
	from /home/vagrant/.rbenv/versions/3.0.1/lib/ruby/gems/3.0.0/gems/bootsnap-1.7.5/lib/bootsnap/load_path_cache/core_ext/kernel_require.rb:23:in `block in require_with_bootsnap_lfi'
	from /home/vagrant/.rbenv/versions/3.0.1/lib/ruby/gems/3.0.0/gems/bootsnap-1.7.5/lib/bootsnap/load_path_cache/loaded_features_index.rb:92:in `register'
	from /home/vagrant/.rbenv/versions/3.0.1/lib/ruby/gems/3.0.0/gems/bootsnap-1.7.5/lib/bootsnap/load_path_cache/core_ext/kernel_require.rb:22:in `require_with_bootsnap_lfi'
	from /home/vagrant/.rbenv/versions/3.0.1/lib/ruby/gems/3.0.0/gems/bootsnap-1.7.5/lib/bootsnap/load_path_cache/core_ext/kernel_require.rb:31:in `require'
	from /home/vagrant/.rbenv/versions/3.0.1/lib/ruby/gems/3.0.0/gems/zeitwerk-2.4.2/lib/zeitwerk/kernel.rb:34:in `require'
	from /home/vagrant/.rbenv/versions/3.0.1/lib/ruby/gems/3.0.0/gems/activesupport-6.1.3.2/lib/active_support/dependencies.rb:332:in `block in require'
	from /home/vagrant/.rbenv/versions/3.0.1/lib/ruby/gems/3.0.0/gems/activesupport-6.1.3.2/lib/active_support/dependencies.rb:299:in `load_dependency'
	from /home/vagrant/.rbenv/versions/3.0.1/lib/ruby/gems/3.0.0/gems/activesupport-6.1.3.2/lib/active_support/dependencies.rb:332:in `require'
	from /home/vagrant/.rbenv/versions/3.0.1/lib/ruby/gems/3.0.0/gems/spring-2.1.1/lib/spring/application.rb:106:in `preload'
	from /home/vagrant/.rbenv/versions/3.0.1/lib/ruby/gems/3.0.0/gems/spring-2.1.1/lib/spring/application.rb:157:in `serve'
	from /home/vagrant/.rbenv/versions/3.0.1/lib/ruby/gems/3.0.0/gems/spring-2.1.1/lib/spring/application.rb:145:in `block in run'
	from /home/vagrant/.rbenv/versions/3.0.1/lib/ruby/gems/3.0.0/gems/spring-2.1.1/lib/spring/application.rb:139:in `loop'
	from /home/vagrant/.rbenv/versions/3.0.1/lib/ruby/gems/3.0.0/gems/spring-2.1.1/lib/spring/application.rb:139:in `run'
	from /home/vagrant/.rbenv/versions/3.0.1/lib/ruby/gems/3.0.0/gems/spring-2.1.1/lib/spring/application/boot.rb:19:in `<top (required)>'
	from <internal:/home/vagrant/.rbenv/versions/3.0.1/lib/ruby/3.0.0/rubygems/core_ext/kernel_require.rb>:85:in `require'
	from <internal:/home/vagrant/.rbenv/versions/3.0.1/lib/ruby/3.0.0/rubygems/core_ext/kernel_require.rb>:85:in `require'
	from -e:1:in `<main>'
